#-----------------------------------------------------------
# Vivado v2018.2 (64-bit)
# SW Build 2258646 on Thu Jun 14 20:03:12 MDT 2018
# IP Build 2256618 on Thu Jun 14 22:10:49 MDT 2018
# Start of session at: Fri Oct 31 08:24:47 2025
# Process ID: 18276
# Current directory: C:/Users/seant/AppData/Roaming/Xilinx/Vivado
# Command line: vivado.exe -gui_launcher_event rodinguilauncherevent4592
# Log file: C:/Users/seant/AppData/Roaming/Xilinx/Vivado/vivado.log
# Journal file: C:/Users/seant/AppData/Roaming/Xilinx/Vivado\vivado.jou
#-----------------------------------------------------------
start_gui
open_project C:/Users/seant/Downloads/EE2026/Project/ee2026_2526S1_S103/S1_03_FDP.xpr
update_compile_order -fileset sources_1
close [ open C:/Users/seant/Downloads/EE2026/Project/ee2026_2526S1_S103/S1_03_FDP.srcs/sources_1/new/Game_logic.v w ]
add_files C:/Users/seant/Downloads/EE2026/Project/ee2026_2526S1_S103/S1_03_FDP.srcs/sources_1/new/Game_logic.v
update_compile_order -fileset sources_1
close [ open C:/Users/seant/Downloads/EE2026/Project/ee2026_2526S1_S103/S1_03_FDP.srcs/sources_1/new/flag_logic.v w ]
add_files C:/Users/seant/Downloads/EE2026/Project/ee2026_2526S1_S103/S1_03_FDP.srcs/sources_1/new/flag_logic.v
update_compile_order -fileset sources_1
close [ open C:/Users/seant/Downloads/EE2026/Project/ee2026_2526S1_S103/S1_03_FDP.srcs/sources_1/new/lives_update_logic.v w ]
add_files C:/Users/seant/Downloads/EE2026/Project/ee2026_2526S1_S103/S1_03_FDP.srcs/sources_1/new/lives_update_logic.v
update_compile_order -fileset sources_1
close [ open C:/Users/seant/Downloads/EE2026/Project/ee2026_2526S1_S103/S1_03_FDP.srcs/sources_1/new/score_update_logic.v w ]
add_files C:/Users/seant/Downloads/EE2026/Project/ee2026_2526S1_S103/S1_03_FDP.srcs/sources_1/new/score_update_logic.v
update_compile_order -fileset sources_1
close [ open C:/Users/seant/Downloads/EE2026/Project/ee2026_2526S1_S103/S1_03_FDP.srcs/sources_1/new/states.v w ]
add_files C:/Users/seant/Downloads/EE2026/Project/ee2026_2526S1_S103/S1_03_FDP.srcs/sources_1/new/states.v
update_compile_order -fileset sources_1
update_compile_order -fileset sources_1
update_compile_order -fileset sources_1
export_ip_user_files -of_objects  [get_files C:/Users/seant/Downloads/EE2026/Project/ee2026_2526S1_S103/S1_03_FDP.srcs/sources_1/new/test.v] -no_script -reset -force -quiet
remove_files  C:/Users/seant/Downloads/EE2026/Project/ee2026_2526S1_S103/S1_03_FDP.srcs/sources_1/new/test.v
file delete -force C:/Users/seant/Downloads/EE2026/Project/ee2026_2526S1_S103/S1_03_FDP.srcs/sources_1/new/test.v
archive_project C:/Users/seant/Downloads/EE2026/Project/S1_03_FDP.xpr.zip -temp_dir C:/Users/seant/AppData/Roaming/Xilinx/Vivado/.Xil/Vivado-18276-SEAN-SURFACE -force -include_local_ip_cache -include_config_settings
archive_project C:/Users/seant/Downloads/EE2026/Project/S1_03_FDP.xpr.zip -temp_dir C:/Users/seant/AppData/Roaming/Xilinx/Vivado/.Xil/Vivado-18276-SEAN-SURFACE -force -include_local_ip_cache -include_config_settings
